--- Запуск игры ---
Создана новая игра
Игрок сделал ход
Бот сделал ход
Победа Крестиков
Победа Крестиков
Победа Крестиков
Победа Крестиков
Победа Крестиков
Победа Крестиков
Победа Крестиков
Победа Крестиков
Победа Крестиков
Игра сохранена. Выход.
--- Запуск игры ---
Сохранение успешно загружено
Игрок сделал ход
Бот сделал ход
Победа Крестиков
Игрок сделал ход
Игрок сделал ход
Бот сделал ход
Игрок сделал ход
Бот сделал ход
Победа Ноликов
Игра сохранена. Выход.
--- Запуск игры ---
Сохранение успешно загружено
Игрок сделал ход
Победа Крестиков
Игра сохранена. Выход.
--- Запуск игры ---
Сохранение успешно загружено
Игрок сделал ход
Победа Ноликов
Игрок сделал ход
Игра сохранена. Выход.
--- Запуск игры ---
Сохранение успешно загружено
Игра сохранена. Выход.
--- Запуск игры ---
Сохранение успешно загружено
Игрок сделал ход
Бот сделал ход
Игрок сделал ход
Бот сделал ход
Игрок сделал ход
Бот сделал ход
Игрок сделал ход
Бот сделал ход
Игрок сделал ход
Бот сделал ход
Игрок сделал ход
Бот сделал ход
Игрок сделал ход
Бот сделал ход
Игрок сделал ход
Бот сделал ход
Игрок сделал ход
Бот сделал ход
Игрок сделал ход
Бот сделал ход
Игрок сделал ход
Бот сделал ход
Игрок сделал ход
Бот сделал ход
Игрок сделал ход
Бот сделал ход
Игрок сделал ход
Бот сделал ход
Игрок сделал ход
Бот сделал ход
Игрок сделал ход
Бот сделал ход
Игрок сделал ход
Бот сделал ход
Игрок сделал ход
Бот сделал ход
Игрок сделал ход
Бот сделал ход
Игрок сделал ход
Бот сделал ход
Игрок сделал ход
Бот сделал ход
Игрок сделал ход
Бот сделал ход
Победа Ноликов
Игра сохранена. Выход.
--- Запуск игры ---
Сохранение успешно загружено
Игрок сделал ход
Бот сделал ход
Игрок сделал ход
Бот сделал ход
Игрок сделал ход
Бот сделал ход
Игрок сделал ход
Бот сделал ход
Игрок сделал ход
Бот сделал ход
Игрок сделал ход
Бот сделал ход
Победа Ноликов
Игра сохранена. Выход.
--- Запуск игры ---
Сохранение успешно загружено
Игра сохранена. Выход.
--- Запуск игры ---
Сохранение успешно загружено
Игрок сделал ход
Бот сделал ход
Игрок сделал ход
Бот сделал ход
Игрок сделал ход
Бот сделал ход
Игрок сделал ход
Бот сделал ход
Игрок сделал ход
Бот сделал ход
Игрок сделал ход
Победа Крестиков
Бот сделал ход
Игрок сделал ход
Бот сделал ход
Игрок сделал ход
Бот сделал ход
Игрок сделал ход
Бот сделал ход
Игрок сделал ход
Бот сделал ход
Победа Ноликов
Игрок сделал ход
Бот сделал ход
Игрок сделал ход
Бот сделал ход
Игрок сделал ход
Бот сделал ход
Игрок сделал ход
Бот сделал ход
Игрок сделал ход
Бот сделал ход
Игрок сделал ход
Бот сделал ход
Игрок сделал ход
Бот сделал ход
Игрок сделал ход
Бот сделал ход
Игрок сделал ход
Бот сделал ход
Победа Ноликов
Игрок сделал ход
Бот сделал ход
Игрок сделал ход
Бот сделал ход
Игрок сделал ход
Бот сделал ход
Игрок сделал ход
Бот сделал ход
Игрок сделал ход
Бот сделал ход
Игрок сделал ход
Бот сделал ход
Игрок сделал ход
Бот сделал ход
Игрок сделал ход
Бот сделал ход
Игрок сделал ход
Бот сделал ход
Игрок сделал ход
Бот сделал ход
Игрок сделал ход
Бот сделал ход
Игрок сделал ход
Бот сделал ход
Игрок сделал ход
Бот сделал ход
Игрок сделал ход
Бот сделал ход
Игрок сделал ход
Бот сделал ход
Игрок сделал ход
Бот сделал ход
Победа Ноликов
Игра сохранена. Выход.
--- Запуск игры ---
Сохранение успешно загружено
Игрок сделал ход
Игрок сделал ход
Игрок сделал ход
Игрок сделал ход
Игрок сделал ход
Игрок сделал ход
Игрок сделал ход
Игрок сделал ход
Игрок сделал ход
Игрок сделал ход
Игрок сделал ход
Игрок сделал ход
Игрок сделал ход
Игрок сделал ход
Игрок сделал ход
Победа Крестиков
Игра сохранена. Выход.
--- Запуск игры ---
Сохранение успешно загружено
Игра сохранена. Выход.
--- Запуск игры ---
Сохранение успешно загружено
Игрок сделал ход
Бот сделал ход
Игрок сделал ход
Бот сделал ход
Игрок сделал ход
Бот сделал ход
Игрок сделал ход
Бот сделал ход
Игрок сделал ход
Бот сделал ход
Игрок сделал ход
Бот сделал ход
Игрок сделал ход
Бот сделал ход
Победа Ноликов
Игра сохранена. Выход.
--- Запуск игры ---
Сохранение успешно загружено
Игра сохранена. Выход.
--- Запуск игры ---
Сохранение успешно загружено
Игра сохранена. Выход.
--- Запуск игры ---
Сохранение успешно загружено
Игра сохранена. Выход.
--- Запуск игры ---
Сохранение успешно загружено
Игрок сделал ход
Игрок сделал ход
Бот сделал ход
Игрок сделал ход
Бот сделал ход
Игрок сделал ход
Бот сделал ход
Игрок сделал ход
Бот сделал ход
Игрок сделал ход
Бот сделал ход
Игрок сделал ход
Бот сделал ход
Игра сохранена. Выход.
--- Запуск игры ---
Сохранение успешно загружено
Игрок сделал ход
Игрок сделал ход
Победа Ноликов
Игра сохранена. Выход.
--- Запуск программы ---
Сохранение успешно загружено
--- Начало новой партии ---
--- Начало новой партии ---
--- Начало новой партии ---
--- Начало новой партии ---
Результат: Победа Ноликов
Возврат в главное меню
--- Начало новой партии ---
--- Начало новой партии ---
Результат: Победа Крестиков
Возврат в главное меню
--- Начало новой партии ---
Игра сохранена. Завершение работы.
--- Запуск программы ---
Сохранение успешно загружено
Игра сохранена. Завершение работы.
--- Запуск программы ---
Сохранение успешно загружено
--- Начало новой партии ---
Игра сохранена. Завершение работы.
--- Запуск программы ---
Сохранение успешно загружено
--- Начало новой партии ---
Игра сохранена. Завершение работы.
--- Запуск программы ---
Сохранение успешно загружено
--- Начало новой партии ---
Результат: Победа Крестиков
Возврат в главное меню
--- Начало новой партии ---
--- Начало новой партии ---
Результат: Победа Крестиков
Возврат в главное меню
Игра сохранена. Завершение работы.
--- Запуск программы ---
Сохранение успешно загружено
--- Начало новой партии ---
Игра сохранена. Завершение работы.
--- Запуск программы ---
Сохранение успешно загружено
Игра сохранена. Завершение работы.
--- Запуск программы ---
Сохранение успешно загружено
Игра сохранена. Завершение работы.
--- Запуск программы ---
Сохранение успешно загружено
Игра сохранена. Завершение работы.
--- Запуск программы ---
Сохранение успешно загружено
Игра сохранена. Завершение работы.
--- Запуск программы ---
Сохранение успешно загружено
Игра сохранена. Завершение работы.
--- Запуск программы ---
Сохранение успешно загружено
Игра сохранена. Завершение работы.
--- Запуск программы ---
Сохранение успешно загружено
Игра сохранена. Завершение работы.
--- Запуск программы ---
Сохранение успешно загружено
--- Начало новой партии ---
Игра сохранена. Завершение работы.
--- Запуск программы ---
Сохранение успешно загружено
Игра сохранена. Завершение работы.
--- Запуск программы ---
Сохранение успешно загружено
Игра сохранена. Завершение работы.
--- Запуск программы ---
Сохранение успешно загружено
--- Начало новой партии ---
--- Начало новой партии ---
Игрок сделал ход
Игрок сделал ход
Игрок сделал ход
Игрок сделал ход
Игрок сделал ход
Игрок сделал ход
Игрок сделал ход
--- Начало новой партии ---
Игрок сделал ход
Игрок сделал ход
Игрок сделал ход
Игрок сделал ход
Игрок сделал ход
Игрок сделал ход
Игрок сделал ход
Игрок сделал ход
Игрок сделал ход
Игрок сделал ход
Игрок сделал ход
Игрок сделал ход
Игра сохранена. Завершение работы.
--- Запуск программы ---
Сохранение успешно загружено
--- Начало новой партии ---
Игрок сделал ход
Бот сделал ход
Игрок сделал ход
Бот сделал ход
Игрок сделал ход
Бот сделал ход
Игрок сделал ход
Бот сделал ход
Игрок сделал ход
Результат: Победа Крестиков
Возврат в главное меню
--- Начало новой партии ---
Игрок сделал ход
Игрок сделал ход
Игрок сделал ход
Игрок сделал ход
Игрок сделал ход
Игрок сделал ход
Игрок сделал ход
Игра сохранена. Завершение работы.
--- Запуск программы ---
Сохранение успешно загружено
--- Начало новой партии ---
Игрок сделал ход
Игрок сделал ход
Игрок сделал ход
Игрок сделал ход
Игрок сделал ход
Игра сохранена. Завершение работы.
--- Запуск программы ---
Сохранение успешно загружено
Игра сохранена. Завершение работы.
--- Запуск программы ---
Сохранение успешно загружено
Игра сохранена. Завершение работы.
--- Запуск программы ---
Сохранение успешно загружено
Игра сохранена. Завершение работы.
--- Запуск программы ---
Сохранение успешно загружено
Игра сохранена. Завершение работы.
--- Запуск программы ---
Сохранение успешно загружено
--- Начало новой партии ---
Игрок сделал ход
Игрок сделал ход
Игрок сделал ход
Игрок сделал ход
Игрок сделал ход
Игрок сделал ход
Игрок сделал ход
Игрок сделал ход
Игрок сделал ход
Результат: Победа Крестиков
Возврат в главное меню
Игра сохранена. Завершение работы.
